{"name":"Iris-Light-1440","viewport":1440,"width":1440,"offscreen":[],"violations":[]}
{"name":"Iris-Dark-1440","viewport":1440,"width":1440,"offscreen":[],"violations":[]}
{"name":"Ocean-Light-1440","viewport":1440,"width":1440,"offscreen":[],"violations":[]}
{"name":"Ocean-Dark-1440","viewport":1440,"width":1440,"offscreen":[],"violations":[]}
{"name":"Mint-Light-1440","viewport":1440,"width":1440,"offscreen":[],"violations":[]}
{"name":"Mint-Dark-1440","viewport":1440,"width":1440,"offscreen":[],"violations":[]}
{"name":"Sunset-Light-1440","viewport":1440,"width":1440,"offscreen":[],"violations":[]}
{"name":"Sunset-Dark-1440","viewport":1440,"width":1440,"offscreen":[],"violations":[]}
{"name":"Rose-Light-1440","viewport":1440,"width":1440,"offscreen":[],"violations":[]}
{"name":"Rose-Dark-1440","viewport":1440,"width":1440,"offscreen":[],"violations":[]}
{"name":"Iris-Light-390","viewport":390,"width":390,"offscreen":[],"violations":[]}
{"name":"Iris-Dark-390","viewport":390,"width":390,"offscreen":[],"violations":[]}
{"name":"Ocean-Light-390","viewport":390,"width":390,"offscreen":[],"violations":[]}
{"name":"Ocean-Dark-390","viewport":390,"width":390,"offscreen":[],"violations":[]}
{"name":"Mint-Light-390","viewport":390,"width":390,"offscreen":[],"violations":[]}
{"name":"Mint-Dark-390","viewport":390,"width":390,"offscreen":[],"violations":[]}
{"name":"Sunset-Light-390","viewport":390,"width":390,"offscreen":[],"violations":[]}
{"name":"Sunset-Dark-390","viewport":390,"width":390,"offscreen":[],"violations":[]}
{"name":"Rose-Light-390","viewport":390,"width":390,"offscreen":[],"violations":[]}
{"name":"Rose-Dark-390","viewport":390,"width":390,"offscreen":[],"violations":[]}
{"name":"public-320","viewport":320,"width":320,"offscreen":[],"violations":[]}
{"name":"machines-320","viewport":320,"width":320,"offscreen":[],"violations":[]}
{"name":"machine-320","viewport":320,"width":320,"offscreen":[],"violations":[]}
{"name":"service-320","viewport":320,"width":320,"offscreen":[],"violations":[]}
{"name":"public-themed-sort","viewport":320,"width":320,"offscreen":[],"violations":[]}
{"name":"appearance-admin-320","viewport":320,"width":320,"offscreen":[],"violations":[]}
